============================= test session starts ==============================
platform linux -- Python 3.12.3, pytest-9.0.2, pluggy-1.6.0
rootdir: /home/idayat/School/Digi/18 - Concevoir et réaliser un suivi de la qualité applicative assisté par IA 2j/ressources
plugins: anyio-4.12.1
collected 6 items

test_app.py ......                                                       [100%]

=============================== warnings summary ===============================
app.py:69
  /home/idayat/School/Digi/18 - Concevoir et réaliser un suivi de la qualité applicative assisté par IA 2j/ressources/app.py:69: PydanticDeprecatedSince20: Support for class-based `config` is deprecated, use ConfigDict instead. Deprecated in Pydantic V2.0 to be removed in V3.0. See Pydantic V2 Migration Guide at https://errors.pydantic.dev/2.12/migration/
    class ClientInDB(ClientBase):

.venv/lib/python3.12/site-packages/pydantic/_internal/_config.py:383
  /home/idayat/School/Digi/18 - Concevoir et réaliser un suivi de la qualité applicative assisté par IA 2j/ressources/.venv/lib/python3.12/site-packages/pydantic/_internal/_config.py:383: UserWarning: Valid config keys have changed in V2:
  * 'orm_mode' has been renamed to 'from_attributes'
    warnings.warn(message, UserWarning)

test_app.py::test_create_client
  /home/idayat/School/Digi/18 - Concevoir et réaliser un suivi de la qualité applicative assisté par IA 2j/ressources/.venv/lib/python3.12/site-packages/_pytest/python.py:170: PytestReturnNotNoneWarning: Test functions should return None, but test_app.py::test_create_client returned <class 'int'>.
  Did you mean to use `assert` instead of `return`?
  See https://docs.pytest.org/en/stable/how-to/assert.html#return-not-none for more information.
    warnings.warn(

test_app.py::test_get_client_by_id
test_app.py::test_patch_client
test_app.py::test_delete_client
  /home/idayat/School/Digi/18 - Concevoir et réaliser un suivi de la qualité applicative assisté par IA 2j/ressources/app.py:82: LegacyAPIWarning: The Query.get() method is considered legacy as of the 1.x series of SQLAlchemy and becomes a legacy construct in 2.0. The method is now available as Session.get() (deprecated since: 2.0) (Background on SQLAlchemy 2.0 at: https://sqlalche.me/e/b8d9)
    return db.query(Client).get(id)

test_app.py::test_patch_client
  /home/idayat/School/Digi/18 - Concevoir et réaliser un suivi de la qualité applicative assisté par IA 2j/ressources/app.py:92: LegacyAPIWarning: The Query.get() method is considered legacy as of the 1.x series of SQLAlchemy and becomes a legacy construct in 2.0. The method is now available as Session.get() (deprecated since: 2.0) (Background on SQLAlchemy 2.0 at: https://sqlalche.me/e/b8d9)
    client = db.query(Client).get(id)

test_app.py::test_delete_client
  /home/idayat/School/Digi/18 - Concevoir et réaliser un suivi de la qualité applicative assisté par IA 2j/ressources/app.py:100: LegacyAPIWarning: The Query.get() method is considered legacy as of the 1.x series of SQLAlchemy and becomes a legacy construct in 2.0. The method is now available as Session.get() (deprecated since: 2.0) (Background on SQLAlchemy 2.0 at: https://sqlalche.me/e/b8d9)
    client = db.query(Client).get(id)

-- Docs: https://docs.pytest.org/en/stable/how-to/capture-warnings.html
======================== 6 passed, 8 warnings in 0.70s =========================
